Archive member included to satisfy reference by file (symbol)

./build/open_esplibs_libmain.a(user_interface.o)
                              (--whole-archive)
./build/open_esplibs_libmain.a(ets_timer.o)
                              (--whole-archive)
./build/open_esplibs_libmain.a(spi_flash.o)
                              (--whole-archive)
./build/open_esplibs_libmain.a(os_cpu_a.o)
                              (--whole-archive)
./build/open_esplibs_libmain.a(uart.o)
                              (--whole-archive)
./build/open_esplibs_libmain.a(misc.o)
                              (--whole-archive)
./build/open_esplibs_libmain.a(timers.o)
                              (--whole-archive)
./build/open_esplibs_libmain.a(xtensa_context.o)
                              (--whole-archive)
./build/open_esplibs_libnet80211.a(ieee80211_hostap.o)
                              (--whole-archive)
./build/open_esplibs_libnet80211.a(wl_cnx.o)
                              (--whole-archive)
./build/open_esplibs_libnet80211.a(ieee80211_ets.o)
                              (--whole-archive)
./build/open_esplibs_libnet80211.a(ieee80211_input.o)
                              (--whole-archive)
./build/open_esplibs_libnet80211.a(ieee80211_sta.o)
                              (--whole-archive)
./build/open_esplibs_libphy.a(phy_chip_v6.o)
                              (--whole-archive)
./build/open_esplibs_libphy.a(phy.o)
                              (--whole-archive)
./build/open_esplibs_libphy.a(phy_sleep.o)
                              (--whole-archive)
./build/open_esplibs_libpp.a(pm.o)
                              (--whole-archive)
./build/open_esplibs_libpp.a(if_hwctrl.o)
                              (--whole-archive)
./build/open_esplibs_libpp.a(pp.o)
                              (--whole-archive)
./build/open_esplibs_libpp.a(esf_buf.o)
                              (--whole-archive)
./build/open_esplibs_libpp.a(lmac.o)
                              (--whole-archive)
./build/open_esplibs_libpp.a(wdev.o)
                              (--whole-archive)
./build/open_esplibs_libwpa.a(os_xtensa.o)
                              (--whole-archive)
./build/open_esplibs_libwpa.a(wpa_main.o)
                              (--whole-archive)
./build/freertos.a(tasks.o)   ./build/open_esplibs_libmain.a(os_cpu_a.o) (pxCurrentTCB)
./build/freertos.a(timers.o)  ./build/freertos.a(tasks.o) (xTimerCreateTimerTask)
./build/freertos.a(port.o)    ./build/freertos.a(tasks.o) (vAssertCalled)
./build/freertos.a(queue.o)   ./build/freertos.a(timers.o) (xQueueGenericCreate)
./build/freertos.a(list.o)    ./build/freertos.a(tasks.o) (vListInitialise)
./build/lwip.a(sys_arch.o)    ./build/open_esplibs_libmain.a(user_interface.o) (sys_lock_tcpip_core)
./build/lwip.a(esp_interface.o)
                              ./build/open_esplibs_libnet80211.a(ieee80211_input.o) (ethernetif_input)
./build/lwip.a(tcpip.o)       ./build/open_esplibs_libnet80211.a(ieee80211_hostap.o) (tcpip_input)
./build/lwip.a(mem.o)         ./build/lwip.a(tcpip.o) (mem_free)
./build/lwip.a(init.o)        ./build/lwip.a(tcpip.o) (lwip_init)
./build/lwip.a(memp.o)        ./build/lwip.a(init.o) (memp_init)
./build/lwip.a(dns.o)         ./build/lwip.a(init.o) (dns_init)
./build/lwip.a(timeouts.o)    ./build/lwip.a(init.o) (sys_timeouts_init)
./build/lwip.a(pbuf.o)        ./build/open_esplibs_libnet80211.a(ieee80211_input.o) (pbuf_alloc_reference)
./build/lwip.a(tcp.o)         ./build/lwip.a(init.o) (tcp_init)
./build/lwip.a(def.o)         ./build/lwip.a(esp_interface.o) (lwip_htons)
./build/lwip.a(netif.o)       ./build/lwip.a(init.o) (netif_init)
./build/lwip.a(udp.o)         ./build/lwip.a(init.o) (udp_init)
./build/lwip.a(tcp_out.o)     ./build/lwip.a(tcp.o) (tcp_split_unsent_seg)
./build/lwip.a(ip4_frag.o)    ./build/lwip.a(timeouts.o) (ip_reass_tmr)
./build/lwip.a(dhcp.o)        ./build/lwip.a(netif.o) (dhcp_network_changed)
./build/lwip.a(etharp.o)      ./build/lwip.a(netif.o) (etharp_cleanup_netif)
./build/lwip.a(ip4_addr.o)    ./build/lwip.a(udp.o) (ip4_addr_isbroadcast_u32)
./build/lwip.a(igmp.o)        ./build/lwip.a(init.o) (igmp_init)
./build/lwip.a(ip4.o)         ./build/lwip.a(tcp.o) (ip4_route)
./build/lwip.a(icmp.o)        ./build/lwip.a(ip4.o) (icmp_input)
./build/lwip.a(ethernet.o)    ./build/lwip.a(etharp.o) (ethbroadcast)
./build/lwip.a(tcp_in.o)      ./build/lwip.a(tcp.o) (tcp_input_pcb)
./build/lwip.a(ip.o)          ./build/lwip.a(udp.o) (ip_data)
./build/lwip.a(inet_chksum.o)
                              ./build/lwip.a(udp.o) (ip_chksum_pseudo)
./build/core.a(esp_interrupts.o)
                              ./build/open_esplibs_libmain.a(ets_timer.o) (_xt_isr_attach)
./build/core.a(app_main.o)    ./build/open_esplibs_libmain.a(user_interface.o) (sdk_user_init_flag)
./build/core.a(sdk_compat.o)  ./build/open_esplibs_libnet80211.a(ieee80211_hostap.o) (zalloc)
./build/core.a(sysparam.o)    ./build/core.a(app_main.o) (sysparam_init)
[...]
Memory Configuration

Name             Origin             Length             Attributes
dport0_0_seg     0x000000003ff00000 0x0000000000000010
dram0_0_seg      0x000000003ffe8000 0x0000000000014000
iram1_0_seg      0x0000000040100000 0x0000000000008000
irom0_0_seg      0x0000000040202010 0x00000000000fdff0
*default*        0x0000000000000000 0xffffffffffffffff

Linker script and memory map

LOAD ./build/open_esplibs_libmain.a
LOAD ./build/open_esplibs_libnet80211.a
LOAD ./build/open_esplibs_libphy.a
LOAD ./build/open_esplibs_libpp.a
LOAD ./build/open_esplibs_libwpa.a
START GROUP
LOAD ./build/program.a
LOAD ./build/mbedtls.a
LOAD ./build/paho_mqtt_c.a
LOAD ./build/dhcpserver.a
LOAD ./build/freertos.a
LOAD ./build/lwip.a
LOAD ./build/core.a
LOAD ./build/open_esplibs.a
LOAD ./build/libgcc.a
LOAD ./build/libc.a
LOAD /home/shadowfox/Projects/Toolchains/esp-open-sdk/xtensa-lx106-elf/xtensa-lx106-elf/sysroot/usr/lib/libhal.a
LOAD ./build/sdklib/libmain.a
LOAD ./build/sdklib/libnet80211.a
LOAD ./build/sdklib/libphy.a
LOAD ./build/sdklib/libpp.a
LOAD ./build/sdklib/libwpa.a
END GROUP
                0x00000000401058d8                pvPortMalloc = malloc
                0x00000000401058f4                vPortFree = free
                0x0000000040105bf0                ets_printf = printf
                [!provide]                        PROVIDE (_memmap_vecbase_reset, 0x40000000)
                0x0000000000000110                _memmap_cacheattr_wb_base = 0x110
                0x0000000000000110                _memmap_cacheattr_wt_base = 0x110
                0x0000000000000220                _memmap_cacheattr_bp_base = 0x220
                0x00000000fffff00f                _memmap_cacheattr_unused_mask = 0xfffff00f
                0x000000002222211f                _memmap_cacheattr_wb_trapnull = 0x2222211f
                0x000000002222211f                _memmap_cacheattr_wba_trapnull = 0x2222211f
                0x000000002222211f                _memmap_cacheattr_wbna_trapnull = 0x2222211f
                0x000000002222211f                _memmap_cacheattr_wt_trapnull = 0x2222211f
                0x000000002222222f                _memmap_cacheattr_bp_trapnull = 0x2222222f
                0x00000000fffff11f                _memmap_cacheattr_wb_strict = 0xfffff11f
                0x00000000fffff11f                _memmap_cacheattr_wt_strict = 0xfffff11f
                0x00000000fffff22f                _memmap_cacheattr_bp_strict = 0xfffff22f
                0x0000000022222112                _memmap_cacheattr_wb_allvalid = 0x22222112
                0x0000000022222112                _memmap_cacheattr_wt_allvalid = 0x22222112
                0x0000000022222222                _memmap_cacheattr_bp_allvalid = 0x22222222
                [!provide]                        PROVIDE (_memmap_cacheattr_reset, _memmap_cacheattr_wb_trapnull)

.dport0.rodata  0x000000003ff00000        0x0
                0x000000003ff00000                _dport0_rodata_start = ABSOLUTE (.)
 *(.dport0.rodata)
 *(.dport.rodata)
                0x000000003ff00000                _dport0_rodata_end = ABSOLUTE (.)

.dport0.literal
                0x000000003ff00000        0x0
                0x000000003ff00000                _dport0_literal_start = ABSOLUTE (.)
 *(.dport0.literal)
 *(.dport.literal)
                0x000000003ff00000                _dport0_literal_end = ABSOLUTE (.)

.dport0.data    0x000000003ff00000        0x0
                0x000000003ff00000                _dport0_data_start = ABSOLUTE (.)
 *(.dport0.data)
 *(.dport.data)
                0x000000003ff00000                _dport0_data_end = ABSOLUTE (.)

.text           0x0000000040100000     0x6aa6
                0x0000000040100000                _stext = .
                0x0000000040100000                _text_start = ABSOLUTE (.)
                0x0000000040100000                . = ALIGN (0x10)
 *(.vecbase.text)
 .vecbase.text  0x0000000040100000      0x3b2 ./build/core.a(exception_vectors.o)
                0x0000000040100000                VecBase
                0x000000004010023c                call_user_start
                0x000000004010039e                _xt_user_exit
 *(.entry.text)
 *(.init.literal)
 *(.init)
 *(.iram1.*)
 *fill*         0x00000000401003b2        0x2 
 .iram1.text    0x00000000401003b4      0x1d9 ./build/open_esplibs_libmain.a(user_interface.o)
                                        0x1e8 (size before relaxing)
                0x00000000401003b8                sdk_system_rtc_mem_write
                0x000000004010041c                sdk_system_rtc_mem_read
                0x000000004010049c                sdk_system_restart_in_nmi
 *fill*         0x000000004010058d        0x3 
 .iram1.text    0x0000000040100590       0x4b ./build/open_esplibs_libmain.a(ets_timer.o)
                                         0x4f (size before relaxing)
 *fill*         0x00000000401005db        0x1 
 .iram1.text    0x00000000401005dc      0x39c ./build/open_esplibs_libmain.a(spi_flash.o)
                                        0x478 (size before relaxing)
                0x0000000040100600                sdk_SPIReadModeCnfig
                0x0000000040100680                sdk_SPIWrite
                0x0000000040100740                sdk_SPIRead
                0x0000000040100770                sdk_SPIEraseSector
                0x00000000401007c8                sdk_spi_flash_get_id
                0x0000000040100824                sdk_spi_flash_read_status
                0x0000000040100864                sdk_spi_flash_write_status
                0x00000000401008a0                sdk_spi_flash_erase_sector
                0x00000000401008d4                sdk_spi_flash_write
                0x0000000040100924                sdk_spi_flash_read
 .iram1.text    0x0000000040100978      0x129 ./build/open_esplibs_libmain.a(os_cpu_a.o)
                                        0x175 (size before relaxing)
                0x0000000040100978                vPortYield
                0x00000000401009b0                sdk__xt_int_enter
                0x00000000401009c8                sdk__xt_int_exit
                0x00000000401009f8                sdk__xt_timer_int
                0x0000000040100a34                sdk__xt_timer_int1
                0x0000000040100a48                sdk__xt_tick_timer_init
                0x0000000040100a74                sdk__xt_isr_unmask
                0x0000000040100a84                sdk__xt_isr_mask
                0x0000000040100a94                sdk__xt_read_ints
                0x0000000040100a9c                sdk__xt_clear_ints
 *fill*         0x0000000040100aa1        0x3 
 .iram1.text    0x0000000040100aa4        0xb ./build/open_esplibs_libmain.a(misc.o)
                0x0000000040100aa8                sdk_os_get_cpu_frequency
 *fill*         0x0000000040100aaf        0x1 
 .iram1.text    0x0000000040100ab0      0x1c2 ./build/open_esplibs_libnet80211.a(ieee80211_hostap.o)
                                        0x1d6 (size before relaxing)
 *fill*         0x0000000040100c72        0x2 
 .iram1.text    0x0000000040100c74       0x59 ./build/open_esplibs_libnet80211.a(ieee80211_input.o)
                0x0000000040100c80                sdk_ieee80211_deliver_data
 *fill*         0x0000000040100ccd        0x3 
 .iram1.text    0x0000000040100cd0       0x5c ./build/open_esplibs_libwpa.a(os_xtensa.o)
                                         0x68 (size before relaxing)
                0x0000000040100cd0                sdk_os_get_time
                0x0000000040100cd4                sdk_os_random
                0x0000000040100ce4                sdk_os_get_random
 .iram1.text    0x0000000040100d2c       0xdb ./build/freertos.a(port.o)
                                        0x103 (size before relaxing)
                0x0000000040100d34                SV_ISR
                0x0000000040100d7c                vPortEnterCritical
                0x0000000040100da4                vPortExitCritical
                0x0000000040100dd0                PendSV
 *fill*         0x0000000040100e07        0x1 
 .iram1.text    0x0000000040100e08       0xaa ./build/core.a(esp_interrupts.o)
                                         0xae (size before relaxing)
                0x0000000040100e0c                _xt_isr_attach
                0x0000000040100e20                _xt_isr_handler
 *fill*         0x0000000040100eb2        0x2 
 .iram1.text    0x0000000040100eb4      0x313 ./build/core.a(app_main.o)
                                        0x363 (size before relaxing)
                0x0000000040100edc                vApplicationStackOverflowHook
                0x0000000040100f08                vApplicationIdleHook
                0x0000000040100f2c                vApplicationTickHook
                0x0000000040100fb0                sdk_user_start
 *fill*         0x00000000401011c7        0x1 
 .iram1.text    0x00000000401011c8       0x1b ./build/core.a(sdk_compat.o)
                0x00000000401011cc                zalloc
 *fill*         0x00000000401011e3        0x1 
 .iram1.text    0x00000000401011e4        0xe ./build/core.a(esp_hwrand.o)
                                         0x12 (size before relaxing)
                0x00000000401011e4                hwrand
 *fill*         0x00000000401011f2        0x2 
 .iram1.text    0x00000000401011f4       0x34 ./build/core.a(newlib_syscalls.o)
                0x0000000040101200                _sbrk_r
 .iram1.text    0x0000000040101228       0xa0 ./build/core.a(debug_dumps.o)
                                         0xb8 (size before relaxing)
                0x0000000040101288                debug_exception_handler
                0x0000000040101288                fatal_exception_handler
                0x00000000401012a8                abort
 .iram1.text    0x00000000401012c8       0x67 ./build/core.a(spiflash-cache-enable.o)
                                         0x7b (size before relaxing)
                0x00000000401012d8                Cache_Read_Enable
 *fill*         0x000000004010132f        0x1 
 .iram1.text    0x0000000040101330      0x36b ./build/core.a(spiflash.o)
                                        0x41b (size before relaxing)
                0x0000000040101454                spiflash_write
                0x0000000040101530                spiflash_read
                0x0000000040101628                spiflash_erase_sector
 *fill*         0x000000004010169b        0x1 
 .iram1.text    0x000000004010169c       0x26 ./build/core.a(esp_iomux.o)
                0x00000000401016a0                gpio_to_iomux
                0x00000000401016b4                iomux_to_gpio
 *fill*         0x00000000401016c2        0x0 
 *fill*         0x00000000401016c2        0x0 
 *fill*         0x00000000401016c2        0x0 
 *fill*         0x00000000401016c2        0x2 
 .iram1.text    0x00000000401016c4       0x3d ./build/open_esplibs_libmain.a(xtensa_context.o)
                0x00000000401016c4                sdk__xt_context_save
                0x00000000401016e0                sdk__xt_context_restore
 *fill*         0x0000000040101701        0x0 
 *fill*         0x0000000040101701        0x0 
 *fill*         0x0000000040101701        0x0 
 *fill*         0x0000000040101701        0x0 
 *fill*         0x0000000040101701        0x0 
 *fill*         0x0000000040101701        0x0 
 *fill*         0x0000000040101701        0x0 
 *fill*         0x0000000040101701        0x3 
 .iram1.data    0x0000000040101704        0x4 ./build/core.a(debug_dumps.o)
 *fill*         0x0000000040101708        0x0 
 *fill*         0x0000000040101708        0x0 
 *fill*         0x0000000040101708        0x0 
 .iram1.data    0x0000000040101708       0x80 ./build/core.a(esp_iomux.o)
 *sdklib*:*(.literal .text .literal.* .text.*)
 .text          0x0000000040101788        0xb ./build/sdklib/libnet80211.a(wl_chm.o)
                0x000000004010178c                sdk_chm_get_current_channel
 *fill*         0x0000000040101793        0x1 
 .text          0x0000000040101794       0x4f ./build/sdklib/libphy.a(phy.o)
                                         0x53 (size before relaxing)
                0x000000004010179c                sdk_register_phy_ops
                0x00000000401017bc                sdk_phy_change_channel
                0x00000000401017d8                sdk_phy_get_mactime
 *fill*         0x00000000401017e3        0x1 
 .text          0x00000000401017e4       0xf7 ./build/sdklib/libphy.a(phy_sleep.o)
                                        0x103 (size before relaxing)
                0x00000000401017f4                sdk_pm_rtc_clock_cali
                0x00000000401018b0                sdk_clockgate_watchdog
 *fill*         0x00000000401018db        0x1 
 .text          0x00000000401018dc       0x94 ./build/sdklib/libpp.a(esf_buf.o)
                                         0xb4 (size before relaxing)
                0x00000000401018e0                sdk_esf_rx_buf_alloc
 .text          0x0000000040101970     0x14e0 ./build/sdklib/libpp.a(lmac.o)
                                       0x187c (size before relaxing)
                0x0000000040101974                sdk_lmacIsActive
                0x0000000040101988                sdk_lmacIsIdle
                0x0000000040101dd0                sdk_lmacSetAcParam
                0x0000000040101e6c                sdk_lmacProcessTXStartData
                0x0000000040102014                sdk_lmacProcessTxSuccess
                0x000000004010215c                sdk_GetAccess
                0x0000000040102168                sdk_lmacDiscardAgedMSDU
                0x000000004010217c                sdk_lmacRecycleMPDU
                0x000000004010265c                sdk_lmacProcessCollisions
                0x00000000401026b8                sdk_lmacProcessCollision
                0x000000004010273c                sdk_lmacMSDUAged
                0x0000000040102ac0                sdk_lmacProcessCtsTimeout
                0x0000000040102b08                sdk_lmacProcessAckTimeout
                0x0000000040102b5c                sdk_lmacProcessRtsStart
                0x0000000040102b68                sdk_lmacProcessTxRtsError
                0x0000000040102c00                sdk_lmacProcessTxError
                0x0000000040102c84                sdk_lmacTxFrame
                0x0000000040102e38                sdk_lmacRxDone
 .text          0x0000000040102e50      0xe70 ./build/sdklib/libpp.a(pp.o)
                                       0x103c (size before relaxing)
                0x0000000040102e80                sdk_pp_soft_wdt_feed
                0x0000000040102f94                sdk_ppProcessTxQ
                0x0000000040103084                sdk_ppFetchTxQFirstAvail
                0x00000000401030c4                sdk_ppDequeueTxQ
                0x00000000401030ec                sdk_ppRollBackTxQ
                0x0000000040103110                sdk_ppRecordBarRRC
                0x0000000040103120                sdk_ppTxqUpdateBitmap
                0x0000000040103144                sdk_ppEnqueueTxDone
                0x0000000040103178                sdk_ppEnqueueRxq
                0x0000000040103940                sdk_ppDiscardMPDU
                0x0000000040103974                sdk_MacIsrSigPostDefHdl
                0x0000000040103a68                sdk_pp_post
                0x0000000040103b6c                sdk_ppCalTxop
                0x0000000040103c50                sdk_ppCalFrameTimes
 .text          0x0000000040103cc0       0xf5 ./build/sdklib/libpp.a(rate_control.o)
                                        0x109 (size before relaxing)
                0x0000000040103ce0                sdk_RC_GetAckRate
                0x0000000040103cec                sdk_RC_GetRtsRate
                0x0000000040103cfc                sdk_RC_GetAckTime
                0x0000000040103d10                sdk_RC_GetCtsTime
                0x0000000040103d48                sdk_RC_GetBlockAckTime
 *fill*         0x0000000040103db5        0x3 
 .text          0x0000000040103db8      0x7f9 ./build/sdklib/libpp.a(trc.o)
                                        0x81d (size before relaxing)
                0x0000000040103f30                sdk_rcUpdateTxDone
                0x0000000040103fc4                sdk_rcUpdateRxDone
                0x0000000040104020                sdk_rcUpdateDataRxDone
                0x0000000040104038                sdk_rcGetSched
                0x00000000401040e0                sdk_rcGetRate
                0x00000000401044e4                sdk_rcReachRetryLimit
                0x00000000401044fc                sdk_trc_NeedRTS
 *fill*         0x00000000401045b1        0x3 
 .text          0x00000000401045b4     0x1163 ./build/sdklib/libpp.a(wdev.o)
                                       0x1473 (size before relaxing)
                0x0000000040104908                sdk_wDev_MacTimSetFunc
                0x0000000040104928                sdk_wDev_MacTimArm
                0x00000000401049cc                sdk_wDev_MacTim1Arm
                0x0000000040104aa8                sdk_wDev_ProcessFiq
                0x0000000040104e4c                sdk_wDev_EnableTransmit
                0x0000000040104e90                sdk_wDev_DisableTransmit
                0x0000000040104eb0                sdk_Tx_Copy2Queue
                0x0000000040104ef8                sdk_wDev_ProcessCollision
                0x0000000040104f1c                sdk_wDev_GetTxqCollisions
                0x0000000040104f2c                sdk_wDev_ClearTxqCollisions
                0x0000000040104f44                sdk_wDev_SetWaitingQueue
                0x0000000040104f90                sdk_wDev_ClearWaitingQueue
                0x0000000040104fb0                sdk_wDev_SetFrameAckType
                0x0000000040105014                sdk_wDev_AppendRxBlocks
                0x00000000401051bc                sdk_wDev_AppendRxAmpduLensBlocks
                0x00000000401052f4                sdk_wDev_GetBAInfo
 *fill*         0x0000000040105717        0x1 
 .text          0x0000000040105718       0x25 ./build/sdklib/libnet80211.a(ieee80211_hostap.o)
 *fill*         0x000000004010573d        0x0 
 *fill*         0x000000004010573d        0x0 
 *fill*         0x000000004010573d        0x3 
 .text          0x0000000040105740        0x2 ./build/sdklib/libphy.a(phy_chip_v6.o)
                0x0000000040105740                sdk_ram_tx_mac_disable
 *fill*         0x0000000040105742        0x0 
 *fill*         0x0000000040105742        0x0 
 *fill*         0x0000000040105742        0x0 
 *fill*         0x0000000040105742        0x0 
 *fill*         0x0000000040105742        0x2 
 .text          0x0000000040105744       0x11 ./build/sdklib/libwpa.a(wpa_auth.o)
 *libgcc.a:*i3.o(.literal .text .literal.* .text.*)
 *fill*         0x0000000040105755        0x3 
 .text          0x0000000040105758       0x49 ./build/libgcc.a(_modsi3.o)
                0x0000000040105758                __modsi3
 *fill*         0x00000000401057a1        0x3 
 .text          0x00000000401057a4       0x4c ./build/libgcc.a(_udivsi3.o)
                0x00000000401057a4                __udivsi3
 .text          0x00000000401057f0       0x18 ./build/libgcc.a(_ashrdi3.o)
                0x00000000401057f0                __ashrdi3
 *libc.a:*malloc.o(.literal .text .literal.* .text.*)
 .literal       0x0000000040105808        0x4 ./build/libc.a(lib_a-malloc.o)
                                         0x10 (size before relaxing)
 .literal       0x000000004010580c        0x8 ./build/libc.a(lib_a-nano-mallocr.o)
                                         0x20 (size before relaxing)
 .literal       0x0000000040105814        0x0 ./build/libc.a(lib_a-nano-freer.o)
                                          0xc (size before relaxing)
 .literal       0x0000000040105814       0x28 ./build/libc.a(lib_a-rand.o)
                                         0x58 (size before relaxing)
 .literal       0x000000004010583c        0xc ./build/libc.a(lib_a-mlock.o)
                                         0x10 (size before relaxing)
 .literal       0x0000000040105848        0x0 ./build/libc.a(lib_a-printf.o)
                                          0xc (size before relaxing)
 .literal       0x0000000040105848        0x0 ./build/libc.a(lib_a-sprintf.o)
                                         0x14 (size before relaxing)
 .literal       0x0000000040105848        0x0 ./build/libc.a(lib_a-fprintf.o)
                                          0xc (size before relaxing)
 .literal       0x0000000040105848       0x24 ./build/libc.a(lib_a-nano-svfprintf.o)
                                         0x54 (size before relaxing)
 .literal       0x000000004010586c       0x1c ./build/libc.a(lib_a-nano-vfprintf.o)
                                         0x54 (size before relaxing)
 .literal       0x0000000040105888       0x48 ./build/libc.a(lib_a-findfp.o)
                                         0xa4 (size before relaxing)
 .literal       0x00000000401058d0        0x8 ./build/libc.a(lib_a-fputwc.o)
                                         0x20 (size before relaxing)
 .text          0x00000000401058d8       0x35 ./build/libc.a(lib_a-malloc.o)
                0x00000000401058d8                malloc
                0x00000000401058f4                free
 *libc.a:*mallocr.o(.literal .text .literal.* .text.*)
 *fill*         0x000000004010590d        0x3 
 .text          0x0000000040105910       0xed ./build/libc.a(lib_a-nano-mallocr.o)
                                         0xf1 (size before relaxing)
                0x0000000040105910                _malloc_r
 *fill*         0x00000000401059fd        0x0 
 *libc.a:*freer.o(.literal .text .literal.* .text.*)
 *fill*         0x00000000401059fd        0x3 
 .text          0x0000000040105a00       0xb1 ./build/libc.a(lib_a-nano-freer.o)
                0x0000000040105a00                _free_r
 *fill*         0x0000000040105ab1        0x0 
 *libc.a:*memcpy.o(.literal .text .literal.* .text.*)
 *libc.a:*memset.o(.literal .text .literal.* .text.*)
 *libc.a:*memcmp.o(.literal .text .literal.* .text.*)
 *libc.a:*memmove.o(.literal .text .literal.* .text.*)
 *libc.a:*rand.o(.literal .text .literal.* .text.*)
 *fill*         0x0000000040105ab1        0x3 
 .text          0x0000000040105ab4       0xdd ./build/libc.a(lib_a-rand.o)
                                         0xe1 (size before relaxing)
                0x0000000040105ab4                srand
                0x0000000040105b18                rand
 *fill*         0x0000000040105b91        0x0 
 *libc.a:*bzero.o(.literal .text .literal.* .text.*)
 *libc.a:*lock.o(.literal .text .literal.* .text.*)
 *fill*         0x0000000040105b91        0x3 
 .text          0x0000000040105b94       0x2d ./build/libc.a(lib_a-mlock.o)
                0x0000000040105b94                __malloc_lock
                0x0000000040105bac                __malloc_unlock
 *fill*         0x0000000040105bc1        0x0 
 *libc.a:*-printf.o(.literal .text .literal.* .text.*)
 *fill*         0x0000000040105bc1        0x3 
 .text          0x0000000040105bc4       0x61 ./build/libc.a(lib_a-printf.o)
                                         0x65 (size before relaxing)
                0x0000000040105bc4                _printf_r
                0x0000000040105bc4                _iprintf_r
                0x0000000040105bf0                printf
                0x0000000040105bf0                iprintf
 *fill*         0x0000000040105c25        0x0 
 *libc.a:*-sprintf.o(.literal .text .literal.* .text.*)
 *fill*         0x0000000040105c25        0x3 
 .text          0x0000000040105c28       0xb5 ./build/libc.a(lib_a-sprintf.o)
                                         0xb9 (size before relaxing)
                0x0000000040105c28                _siprintf_r
                0x0000000040105c28                _sprintf_r
                0x0000000040105c80                sprintf
                0x0000000040105c80                siprintf
 *fill*         0x0000000040105cdd        0x0 
 *libc.a:*-fprintf.o(.literal .text .literal.* .text.*)
 *fill*         0x0000000040105cdd        0x3 
 .text          0x0000000040105ce0       0x57 ./build/libc.a(lib_a-fprintf.o)
                                         0x5b (size before relaxing)
                0x0000000040105ce0                _fprintf_r
                0x0000000040105ce0                _fiprintf_r
                0x0000000040105d04                fprintf
                0x0000000040105d04                fiprintf
 *fill*         0x0000000040105d37        0x0 
 *libc.a:*-svfprintf.o(.literal .text .literal.* .text.*)
 *fill*         0x0000000040105d37        0x1 
 .text          0x0000000040105d38      0x4c5 ./build/libc.a(lib_a-nano-svfprintf.o)
                0x0000000040105d38                __ssputs_r
                0x0000000040105e34                __ssprint_r
                0x0000000040105f68                _svfprintf_r
                0x0000000040105f68                _svfiprintf_r
 *fill*         0x00000000401061fd        0x0 
 *libc.a:*-vfprintf.o(.literal .text .literal.* .text.*)
 *fill*         0x00000000401061fd        0x3 
 .text          0x0000000040106200      0x43b ./build/libc.a(lib_a-nano-vfprintf.o)
                                        0x43f (size before relaxing)
                0x0000000040106238                __sfputs_r
                0x00000000401062a8                __sprint_r
                0x0000000040106338                _vfiprintf_r
                0x0000000040106338                _vfprintf_r
                0x0000000040106614                vfiprintf
                0x0000000040106614                vfprintf
 *fill*         0x000000004010663b        0x0 
 *libc.a:*findfp.o(.literal .text .literal.* .text.*)
 *fill*         0x000000004010663b        0x1 
 .text          0x000000004010663c      0x317 ./build/libc.a(lib_a-findfp.o)
                0x0000000040106694                _cleanup_r
                0x000000004010672c                __sfmoreglue
                0x0000000040106774                _cleanup
                0x0000000040106788                __sfp_lock_acquire
                0x00000000401067a0                __sfp_lock_release
                0x00000000401067b8                __sinit_lock_acquire
                0x00000000401067d0                __sinit_lock_release
                0x00000000401067e8                __sinit
                0x0000000040106864                __sfp
                0x0000000040106914                __fp_lock_all
                0x0000000040106934                __fp_unlock_all
 *fill*         0x0000000040106953        0x0 
 *libc.a:*fputwc.o(.literal .text .literal.* .text.*)
 *fill*         0x0000000040106953        0x1 
 .text          0x0000000040106954      0x152 ./build/libc.a(lib_a-fputwc.o)
                                        0x156 (size before relaxing)
                0x0000000040106954                __fputwc
                0x00000000401069fc                _fputwc_r
                0x0000000040106a70                fputwc
 *fill*         0x0000000040106aa6        0x0 
 *(.stub .gnu.warning .gnu.linkonce.literal.* .gnu.linkonce.t.*.literal .gnu.linkonce.t.*)
 *(.fini.literal)
 *(.fini)
 *(.gnu.version)
                0x0000000040106aa6                _text_end = ABSOLUTE (.)
                0x0000000040106aa6                _etext = .

.data           0x000000003ffe8000      0x966
                0x000000003ffe8000                _data_start = ABSOLUTE (.)
 *(.data)
 .data          0x000000003ffe8000        0x8 ./build/core.a(spiflash-cache-enable.o)
                0x000000003ffe8000                rboot_megabyte
 .data          0x000000003ffe8008       0xf4 ./build/libc.a(lib_a-impure.o)
                0x000000003ffe8008                _impure_ptr
 .data          0x000000003ffe80fc      0x16c ./build/libc.a(lib_a-locale.o)
                0x000000003ffe80fc                __global_locale
 .data          0x000000003ffe8268        0x1 ./build/sdklib/libmain.a(user_interface.o)
 *fill*         0x000000003ffe8269        0x3 
 .data          0x000000003ffe826c      0x1a8 ./build/sdklib/libnet80211.a(ieee80211_phy.o)
 *fill*         0x000000003ffe8414        0x4 
 .data          0x000000003ffe8418        0x6 ./build/sdklib/libnet80211.a(ieee80211_proto.o)
                0x000000003ffe8418                sdk_ieee80211_addr_bcast
 *fill*         0x000000003ffe841e        0x2 
 .data          0x000000003ffe8420       0x1c ./build/sdklib/libnet80211.a(ieee80211_action.o)
 *fill*         0x000000003ffe843c        0x4 
 .data          0x000000003ffe8440       0x53 ./build/sdklib/libphy.a(phy_chip_v6.o)
                0x000000003ffe8442                sdk_tx_rf_ana_gain
                0x000000003ffe8464                sdk_tx_pwctrl_atten_init_en
                0x000000003ffe8470                sdk_rx_gain_swp
                0x000000003ffe8490                sdk_test_rffreq_txcap
 *fill*         0x000000003ffe8493        0xd 
 .data          0x000000003ffe84a0       0x90 ./build/sdklib/libphy.a(phy_chip_v6_cal.o)
                0x000000003ffe84a0                sdk_dpd_index
                0x000000003ffe8500                sdk_dpd_db2linear
 .data          0x000000003ffe8530        0x4 ./build/sdklib/libphy.a(phy_sleep.o)
                0x000000003ffe8530                sdk_chip_version
 .data          0x000000003ffe8534      0x11c ./build/sdklib/libphy.a(phy_chip_v5_romfunc.o)
                0x000000003ffe8534                sdk_g_phyFuns
                0x000000003ffe8538                sdk_g_phyFuns_instance
 .data          0x000000003ffe8650        0x7 ./build/sdklib/libphy.a(phy_chip_v5_cal_romfunc.o)
 *fill*         0x000000003ffe8657        0x1 
 .data          0x000000003ffe8658        0x1 ./build/sdklib/libpp.a(pm.o)
 *fill*         0x000000003ffe8659        0x3 
 .data          0x000000003ffe865c       0x10 ./build/sdklib/libpp.a(pp.o)
                0x000000003ffe865c                sdk_NoiseTimerInterval
                0x000000003ffe8664                sdk_sleep_start_wait_time
 *fill*         0x000000003ffe866c        0x4 
 .data          0x000000003ffe8670       0x40 ./build/sdklib/libpp.a(rate_control.o)
 .data          0x000000003ffe86b0      0x22c ./build/sdklib/libpp.a(trc.o)
 *fill*         0x000000003ffe88dc        0x4 
 .data          0x000000003ffe88e0       0x10 ./build/sdklib/libpp.a(wdev.o)
 .data          0x000000003ffe88f0       0x18 ./build/sdklib/libnet80211.a(ieee80211_crypto_ccmp.o)
                0x000000003ffe88f0                sdk_ccmp
 .data          0x000000003ffe8908       0x18 ./build/sdklib/libnet80211.a(ieee80211_crypto_tkip.o)
                0x000000003ffe8908                sdk_tkip
 .data          0x000000003ffe8920       0x18 ./build/sdklib/libnet80211.a(ieee80211_crypto_wep.o)
                0x000000003ffe8920                sdk_wep
 *(.data.*)
 .data.sdk_dhcpc_flag
                0x000000003ffe8938        0x4 ./build/open_esplibs_libmain.a(user_interface.o)
                0x000000003ffe8938                sdk_dhcpc_flag
 .data.sdk_flashchip
                0x000000003ffe893c       0x18 ./build/open_esplibs_libmain.a(spi_flash.o)
                0x000000003ffe893c                sdk_flashchip
 .data.cpu_freq
                0x000000003ffe8954        0x4 ./build/open_esplibs_libmain.a(misc.o)
 .data.iss$5640
                0x000000003ffe8958        0x4 ./build/lwip.a(tcp.o)
 .data.tcp_port
                0x000000003ffe895c        0x2 ./build/lwip.a(tcp.o)
 .data.udp_port
                0x000000003ffe895e        0x2 ./build/lwip.a(udp.o)
 .data.current_stdout_write_r
                0x000000003ffe8960        0x4 ./build/core.a(newlib_syscalls.o)
 .data.blinkperiod
                0x000000003ffe8964        0x2 ./build/program.a(main.o)
 *(.gnu.linkonce.d.*)
 *(.data1)
 *(.sdata)
 *(.sdata.*)
 *(.gnu.linkonce.s.*)
 *(.sdata2)
 *(.sdata2.*)
 *(.gnu.linkonce.s2.*)
 *(.jcr)
                0x000000003ffe8966                _data_end = ABSOLUTE (.)

.rodata         0x000000003ffe8968      0x90c
                0x000000003ffe8968                _rodata_start = ABSOLUTE (.)
 *core.a:*(.rodata.* .rodata)
 .rodata.str1.4
                0x000000003ffe8968      0x19f ./build/core.a(app_main.o)
 *fill*         0x000000003ffe8b07        0x1 
 .rodata.CSWTCH$29
                0x000000003ffe8b08       0x24 ./build/core.a(app_main.o)
 .rodata.CSWTCH$28
                0x000000003ffe8b2c       0x40 ./build/core.a(app_main.o)
 .rodata.str1.4
                0x000000003ffe8b6c      0x1cc ./build/core.a(debug_dumps.o)
 .rodata        0x000000003ffe8d38       0x1c ./build/core.a(exception_vectors.o)
 *libc.a:*.o(.rodata.* .rodata)
 .rodata        0x000000003ffe8d54        0x4 ./build/libc.a(lib_a-impure.o)
                0x000000003ffe8d54                _global_impure_ptr
 .rodata.str1.1
                0x000000003ffe8d58        0xa ./build/libc.a(lib_a-locale.o)
                                          0xb (size before relaxing)
 .rodata.str1.1
                0x000000003ffe8d62       0x21 ./build/libc.a(lib_a-mstats.o)
 .rodata.str1.1
                0x000000003ffe8d83       0x4b ./build/libc.a(lib_a-nano-mallstatsr.o)
 .rodata.str1.1
                0x000000003ffe8dce       0x12 ./build/libc.a(lib_a-nano-vfprintf_float.o)
 .rodata.str1.1
                0x000000003ffe8de0       0x22 ./build/libc.a(lib_a-nano-vfprintf_i.o)
 .rodata.str1.1
                0x000000003ffe8e02        0x5 ./build/libc.a(lib_a-nano-vfscanf_float.o)
 .rodata.str1.1
                0x000000003ffe8e07        0x5 ./build/libc.a(lib_a-puts.o)
                                          0x2 (size before relaxing)
 .rodata.str1.1
                0x000000003ffe8e07        0x5 ./build/libc.a(lib_a-strtod.o)
                                          0xc (size before relaxing)
 *fill*         0x000000003ffe8e07        0x1 
 .rodata        0x000000003ffe8e08       0x70 ./build/libc.a(lib_a-strtod.o)
 .rodata        0x000000003ffe8e78      0x101 ./build/libc.a(lib_a-ctype_.o)
                0x000000003ffe8e78                _ctype_
 .rodata.str1.1
                0x000000003ffe8f79        0xd ./build/libc.a(lib_a-dtoa.o)
                                          0xf (size before relaxing)
 *fill*         0x000000003ffe8f86        0x2 
 .rodata        0x000000003ffe8f88      0x128 ./build/libc.a(lib_a-mprec.o)
                0x000000003ffe8f98                __mprec_tinytens
                0x000000003ffe8fc0                __mprec_bigtens
                0x000000003ffe8fe8                __mprec_tens
 .rodata.str1.1
                0x000000003ffe90b0       0x11 ./build/libc.a(lib_a-nano-svfprintf.o)
 .rodata.str1.1
                0x000000003ffe90c1       0x11 ./build/libc.a(lib_a-nano-vfprintf.o)
 *freertos.a:*(.rodata.* .rodata)
 *fill*         0x000000003ffe90c1        0x3 
 .rodata.str1.4
                0x000000003ffe90c4       0x51 ./build/freertos.a(tasks.o)
 *fill*         0x000000003ffe9115        0x3 
 .rodata.xTaskGenericNotifyFromISR
                0x000000003ffe9118       0x14 ./build/freertos.a(tasks.o)
 .rodata.str1.4
                0x000000003ffe912c       0x53 ./build/freertos.a(timers.o)
 *fill*         0x000000003ffe917f        0x1 
 .rodata.prvTimerTask
                0x000000003ffe9180       0x28 ./build/freertos.a(timers.o)
 .rodata.str1.4
                0x000000003ffe91a8       0x6e ./build/freertos.a(port.o)
 *fill*         0x000000003ffe9216        0x2 
 .rodata.str1.4
                0x000000003ffe9218       0x4a ./build/freertos.a(queue.o)
 *libmain.a:spi_flash.o(.rodata.* .rodata)
 *libpp.a:wdev.o(.rodata.* .rodata)
 *fill*         0x000000003ffe9262        0x2 
 .rodata.str1.4
                0x000000003ffe9264       0x10 ./build/sdklib/libpp.a(wdev.o)
                                          0xf (size before relaxing)
                0x000000003ffe9274                _rodata_end = ABSOLUTE (.)

.bss            0x000000003ffe9278     0x8460
                0x000000003ffe9278                . = ALIGN (0x8)
                0x000000003ffe9278                _bss_start = ABSOLUTE (.)
 *(.dynsbss)
 *(.sbss)
 *(.sbss.*)
 *(.gnu.linkonce.sb.*)
 *(.scommon)
 *(.sbss2)
 *(.sbss2.*)
 *(.gnu.linkonce.sb2.*)
 *(.dynbss)
 *(.bss)
 *fill*         0x000000003ffe9278        0x8 
 .bss           0x000000003ffe9280      0x228 ./build/core.a(exception_vectors.o)
                0x000000003ffe9494                debug_saved_ctx
 .bss           0x000000003ffe94a8        0xc ./build/libc.a(lib_a-arc4random.o)
                0x000000003ffe94a8                __arc4random_mutex
 .bss           0x000000003ffe94b4        0x4 ./build/libc.a(lib_a-__call_atexit.o)
                0x000000003ffe94b4                __atexit_recursive_mutex
 .bss           0x000000003ffe94b8        0x4 ./build/libc.a(lib_a-envlock.o)
                0x000000003ffe94b8                __env_recursive_mutex
 .bss           0x000000003ffe94bc        0x8 ./build/libc.a(lib_a-findfp.o)
                0x000000003ffe94bc                __sinit_recursive_mutex
                0x000000003ffe94c0                __sfp_recursive_mutex
 .bss           0x000000003ffe94c4        0x4 ./build/libc.a(lib_a-mlock.o)
                0x000000003ffe94c4                __malloc_recursive_mutex
 .bss           0x000000003ffe94c8       0x28 ./build/libc.a(lib_a-nano-mallinfor.o)
                0x000000003ffe94c8                __malloc_current_mallinfo
 .bss           0x000000003ffe94f0        0x8 ./build/libc.a(lib_a-nano-mallocr.o)
                0x000000003ffe94f0                __malloc_sbrk_start
                0x000000003ffe94f4                __malloc_free_list
 .bss           0x000000003ffe94f8        0x8 ./build/libc.a(lib_a-quick_exit.o)
                0x000000003ffe94f8                __at_quick_exit_mutex
 .bss           0x000000003ffe9500        0x4 ./build/libc.a(lib_a-tzlock.o)
                0x000000003ffe9500                __tz_mutex
 *fill*         0x000000003ffe9504        0xc 
 .bss           0x000000003ffe9510      0x131 ./build/sdklib/libmain.a(user_interface.o)
 *fill*         0x000000003ffe9641        0x3 
 .bss           0x000000003ffe9644      0x54c ./build/sdklib/libnet80211.a(ieee80211.o)
                0x000000003ffe9644                sdk_g_ic
                0x000000003ffe9b8c                sdk_xieee80211Queue
 .bss           0x000000003ffe9b90       0x28 ./build/sdklib/libnet80211.a(ieee80211_hostap.o)
                0x000000003ffe9bb0                sdk_TmpSTAAPCloseAP
                0x000000003ffe9bb1                sdk_PendFreeBcnEb
 .bss           0x000000003ffe9bb8       0xe4 ./build/sdklib/libnet80211.a(ieee80211_scan.o)
                0x000000003ffe9bb8                sdk_gScanStruct
                0x000000003ffe9c7c                sdk_auth_type
                0x000000003ffe9c7e                sdk_scannum
 .bss           0x000000003ffe9c9c       0x44 ./build/sdklib/libnet80211.a(wl_chm.o)
 .bss           0x000000003ffe9ce0      0x780 ./build/sdklib/libnet80211.a(wl_cnx.o)
                0x000000003ffea440                sdk_sta_con_timer
                0x000000003ffea45c                sdk_g_cnx_probe_rc_list_cb
 .bss           0x000000003ffea460        0x4 ./build/sdklib/libphy.a(phy.o)
 *fill*         0x000000003ffea464        0xc 
 .bss           0x000000003ffea470      0x38b ./build/sdklib/libphy.a(phy_chip_v6.o)
                0x000000003ffea470                sdk_rxiq_compute_num
                0x000000003ffea474                sdk_rxdc_init_flag
                0x000000003ffea478                sdk_check_result
                0x000000003ffea47c                sdk_chip6_sleep_params
                0x000000003ffea654                sdk_chip6_phy_init_ctrl
                0x000000003ffea6c2                sdk_phy_freq_offset
                0x000000003ffea6c4                sdk_do_pwctrl_flag
                0x000000003ffea6c5                sdk_pwctrl_debug
                0x000000003ffea6c6                sdk_txbk_dpdby_flag
                0x000000003ffea6c8                sdk_sw_scan_mode
                0x000000003ffea6dc                sdk_periodic_cal_dc_num
                0x000000003ffea6e0                sdk_periodic_cal_flag
                0x000000003ffea6e1                sdk_bbpll_cal_flag
                0x000000003ffea6e2                sdk_deep_sleep_en
                0x000000003ffea6e8                sdk_noise_array
                0x000000003ffea7f0                sdk_tx_pwctrl_atten_init
 *fill*         0x000000003ffea7fb        0x1 
 .bss           0x000000003ffea7fc        0x6 ./build/sdklib/libphy.a(phy_chip_v6_cal.o)
                0x000000003ffea7fc                sdk_loop_pwctrl_pwdet_error_accum_high_power
                0x000000003ffea7fe                sdk_tx_pwctrl_pk_num
                0x000000003ffea7ff                sdk_loop_pwctrl_correct_atten_high_power
                0x000000003ffea800                sdk_tx_pwctrl_set_chan_flag
                0x000000003ffea801                sdk_rxiq_cover_fail_num
 *fill*         0x000000003ffea802        0x2 
 .bss           0x000000003ffea804        0x4 ./build/sdklib/libphy.a(phy_sleep.o)
                0x000000003ffea804                sdk_periodic_cal_sat
                0x000000003ffea805                sdk_software_slp_reject
                0x000000003ffea806                sdk_SDIO_slp_reject
                0x000000003ffea807                sdk_hardware_reject
 *fill*         0x000000003ffea808        0x8 
 .bss           0x000000003ffea810     0x11e8 ./build/sdklib/libpp.a(esf_buf.o)
 *fill*         0x000000003ffeb9f8        0x8 
 .bss           0x000000003ffeba00       0x30 ./build/sdklib/libpp.a(if_hwctrl.o)
                0x000000003ffeba00                sdk_interface_mask
                0x000000003ffeba10                sdk_if_ctrl
 .bss           0x000000003ffeba30      0x150 ./build/sdklib/libpp.a(lmac.o)
                0x000000003ffeba34                sdk_lmacConfMib
 .bss           0x000000003ffebb80      0x149 ./build/sdklib/libpp.a(pm.o)
 *fill*         0x000000003ffebcc9        0x7 
 .bss           0x000000003ffebcd0      0x352 ./build/sdklib/libpp.a(pp.o)
                0x000000003ffebcf8                sdk_pend_flag_noise_check
                0x000000003ffebd00                sdk_pend_flag_periodic_cal
                0x000000003ffebd24                sdk_dbg_stop_sw_wdt
                0x000000003ffebd25                sdk_dbg_stop_hw_wdt
 *fill*         0x000000003ffec022        0xe 
 .bss           0x000000003ffec030      0x100 ./build/sdklib/libpp.a(rate_control.o)
 .bss           0x000000003ffec130      0x268 ./build/sdklib/libpp.a(trc.o)
 *fill*         0x000000003ffec398        0x8 
 .bss           0x000000003ffec3a0     0x4721 ./build/sdklib/libpp.a(wdev.o)
                0x000000003ffec3a0                sdk_wDevCtrl
                0x000000003ffec544                sdk_NMIIrqIsOn
                0x000000003ffec548                sdk_WdevTimOffSet
 *fill*         0x000000003fff0ac1        0xf 
 .bss           0x000000003fff0ad0      0x27a ./build/sdklib/libwpa.a(wpa.o)
 *fill*         0x000000003fff0d4a        0x6 
 .bss           0x000000003fff0d50       0xb0 ./build/sdklib/libwpa.a(aes-internal-dec.o)
 .bss           0x000000003fff0e00        0x8 ./build/sdklib/libnet80211.a(ieee80211_crypto_tkip.o)
 *(.bss.*)
 .bss.task_handle
                0x000000003fff0e08        0x4 ./build/open_esplibs_libmain.a(ets_timer.o)
 .bss.timer_list
                0x000000003fff0e0c        0x4 ./build/open_esplibs_libmain.a(ets_timer.o)
 .bss.armed_timer_count
                0x000000003fff0e10        0x1 ./build/open_esplibs_libmain.a(timers.o)
 *fill*         0x000000003fff0e11        0x3 
 .bss.timer_list
                0x000000003fff0e14        0x4 ./build/open_esplibs_libmain.a(timers.o)
 .bss.hostap_timer_parg
                0x000000003fff0e18        0x4 ./build/open_esplibs_libnet80211.a(ieee80211_hostap.o)
 .bss.hostap_timer
                0x000000003fff0e1c       0x1c ./build/open_esplibs_libnet80211.a(ieee80211_hostap.o)
 .bss.hostap_flags
                0x000000003fff0e38        0x1 ./build/open_esplibs_libnet80211.a(ieee80211_hostap.o)
 *fill*         0x000000003fff0e39        0x3 
 .bss.pp_zeros  0x000000003fff0e3c       0x20 ./build/open_esplibs_libpp.a(pp.o)
 .bss.uxSchedulerSuspended
                0x000000003fff0e5c        0x4 ./build/freertos.a(tasks.o)
 .bss.xIdleTaskHandle
                0x000000003fff0e60        0x4 ./build/freertos.a(tasks.o)
 .bss.xNextTaskUnblockTime
                0x000000003fff0e64        0x4 ./build/freertos.a(tasks.o)
 .bss.uxTaskNumber
                0x000000003fff0e68        0x4 ./build/freertos.a(tasks.o)
 .bss.xNumOfOverflows
                0x000000003fff0e6c        0x4 ./build/freertos.a(tasks.o)
 .bss.xYieldPending
                0x000000003fff0e70        0x4 ./build/freertos.a(tasks.o)
 .bss.uxPendedTicks
                0x000000003fff0e74        0x4 ./build/freertos.a(tasks.o)
 .bss.xSchedulerRunning
                0x000000003fff0e78        0x4 ./build/freertos.a(tasks.o)
 .bss.uxTopReadyPriority
                0x000000003fff0e7c        0x4 ./build/freertos.a(tasks.o)
 .bss.xTickCount
                0x000000003fff0e80        0x4 ./build/freertos.a(tasks.o)
 .bss.uxCurrentNumberOfTasks
                0x000000003fff0e84        0x4 ./build/freertos.a(tasks.o)
 .bss.xSuspendedTaskList
                0x000000003fff0e88       0x14 ./build/freertos.a(tasks.o)
 .bss.uxDeletedTasksWaitingCleanUp
                0x000000003fff0e9c        0x4 ./build/freertos.a(tasks.o)
 .bss.xTasksWaitingTermination
                0x000000003fff0ea0       0x14 ./build/freertos.a(tasks.o)
 .bss.xPendingReadyList
                0x000000003fff0eb4       0x14 ./build/freertos.a(tasks.o)
 .bss.pxOverflowDelayedTaskList
                0x000000003fff0ec8        0x4 ./build/freertos.a(tasks.o)
 .bss.pxDelayedTaskList
                0x000000003fff0ecc        0x4 ./build/freertos.a(tasks.o)
 .bss.xDelayedTaskList2
                0x000000003fff0ed0       0x14 ./build/freertos.a(tasks.o)
 .bss.xDelayedTaskList1
                0x000000003fff0ee4       0x14 ./build/freertos.a(tasks.o)
 .bss.pxReadyTasksLists
                0x000000003fff0ef8      0x12c ./build/freertos.a(tasks.o)
 .bss.pxCurrentTCB
                0x000000003fff1024        0x4 ./build/freertos.a(tasks.o)
                0x000000003fff1024                pxCurrentTCB
 .bss.xLastTime$3546
                0x000000003fff1028        0x4 ./build/freertos.a(timers.o)
 .bss.xTimerTaskHandle
                0x000000003fff102c        0x4 ./build/freertos.a(timers.o)
 .bss.xTimerQueue
                0x000000003fff1030        0x4 ./build/freertos.a(timers.o)
 .bss.pxOverflowTimerList
                0x000000003fff1034        0x4 ./build/freertos.a(timers.o)
 .bss.pxCurrentTimerList
                0x000000003fff1038        0x4 ./build/freertos.a(timers.o)
 .bss.xActiveTimerList2
                0x000000003fff103c       0x14 ./build/freertos.a(timers.o)
 .bss.xActiveTimerList1
                0x000000003fff1050       0x14 ./build/freertos.a(timers.o)
 .bss.uxCriticalNesting
                0x000000003fff1064        0x4 ./build/freertos.a(port.o)
 .bss.pending_maclayer_sv
                0x000000003fff1068        0x4 ./build/freertos.a(port.o)
 .bss.pending_soft_sv
                0x000000003fff106c        0x4 ./build/freertos.a(port.o)
 .bss.critical_nesting
                0x000000003fff1070        0x4 ./build/lwip.a(sys_arch.o)
 .bss.tcpip_mbox
                0x000000003fff1074        0x4 ./build/lwip.a(tcpip.o)
 .bss.tcpip_init_done_arg
                0x000000003fff1078        0x4 ./build/lwip.a(tcpip.o)
 .bss.tcpip_init_done
                0x000000003fff107c        0x4 ./build/lwip.a(tcpip.o)
 .bss.dns_servers
                0x000000003fff1080        0x8 ./build/lwip.a(dns.o)
 .bss.dns_requests
                0x000000003fff1088        0xc ./build/lwip.a(dns.o)
 .bss.dns_table
                0x000000003fff1094       0x94 ./build/lwip.a(dns.o)
 .bss.dns_pcbs  0x000000003fff1128        0x4 ./build/lwip.a(dns.o)
 .bss.tcpip_tcp_timer_active
                0x000000003fff112c        0x4 ./build/lwip.a(timeouts.o)
 .bss.current_timeout_due_time
                0x000000003fff1130        0x4 ./build/lwip.a(timeouts.o)
 .bss.next_timeout
                0x000000003fff1134        0x4 ./build/lwip.a(timeouts.o)
 .bss.tcp_timer_ctr
                0x000000003fff1138        0x1 ./build/lwip.a(tcp.o)
 .bss.tcp_timer
                0x000000003fff1139        0x1 ./build/lwip.a(tcp.o)
 .bss.netif_num
                0x000000003fff113a        0x1 ./build/lwip.a(netif.o)
 *fill*         0x000000003fff113b        0x1 
 .bss.ip_reass_pbufcount
                0x000000003fff113c        0x2 ./build/lwip.a(ip4_frag.o)
 *fill*         0x000000003fff113e        0x2 
 .bss.reassdatagrams
                0x000000003fff1140        0x4 ./build/lwip.a(ip4_frag.o)
 .bss.xid$4581  0x000000003fff1144        0x4 ./build/lwip.a(dhcp.o)
 .bss.dhcp_pcb_refcount
                0x000000003fff1148        0x1 ./build/lwip.a(dhcp.o)
 *fill*         0x000000003fff1149        0x3 
 .bss.dhcp_pcb  0x000000003fff114c        0x4 ./build/lwip.a(dhcp.o)
 .bss.etharp_cached_entry
                0x000000003fff1150        0x1 ./build/lwip.a(etharp.o)
 *fill*         0x000000003fff1151        0x3 
 .bss.arp_table
                0x000000003fff1154       0xf0 ./build/lwip.a(etharp.o)
 .bss.allrouters
                0x000000003fff1244        0x4 ./build/lwip.a(igmp.o)
 .bss.allsystems
                0x000000003fff1248        0x4 ./build/lwip.a(igmp.o)
 .bss.ip4_default_multicast_netif
                0x000000003fff124c        0x4 ./build/lwip.a(ip4.o)
 .bss.ip_id     0x000000003fff1250        0x2 ./build/lwip.a(ip4.o)
 *fill*         0x000000003fff1252        0x2 
 .bss.recv_data
                0x000000003fff1254        0x4 ./build/lwip.a(tcp_in.o)
 .bss.recv_flags
                0x000000003fff1258        0x1 ./build/lwip.a(tcp_in.o)
 .bss.flags     0x000000003fff1259        0x1 ./build/lwip.a(tcp_in.o)
 .bss.tcplen    0x000000003fff125a        0x2 ./build/lwip.a(tcp_in.o)
 .bss.recv_acked
                0x000000003fff125c        0x2 ./build/lwip.a(tcp_in.o)
 *fill*         0x000000003fff125e        0x2 
 .bss.ackno     0x000000003fff1260        0x4 ./build/lwip.a(tcp_in.o)
 .bss.seqno     0x000000003fff1264        0x4 ./build/lwip.a(tcp_in.o)
 .bss.tcp_optidx
                0x000000003fff1268        0x2 ./build/lwip.a(tcp_in.o)
 *fill*         0x000000003fff126a        0x2 
 .bss.tcphdr_opt2
                0x000000003fff126c        0x4 ./build/lwip.a(tcp_in.o)
 .bss.tcphdr_opt1len
                0x000000003fff1270        0x2 ./build/lwip.a(tcp_in.o)
 .bss.tcphdr_optlen
                0x000000003fff1272        0x2 ./build/lwip.a(tcp_in.o)
 .bss.tcphdr    0x000000003fff1274        0x4 ./build/lwip.a(tcp_in.o)
 .bss.inseg     0x000000003fff1278       0x10 ./build/lwip.a(tcp_in.o)
 .bss._sysparam_info
                0x000000003fff1288       0x18 ./build/core.a(sysparam.o)
 .bss.heap_end$5292
                0x000000003fff12a0        0x4 ./build/core.a(newlib_syscalls.o)
 .bss.locks_initialized
                0x000000003fff12a4        0x4 ./build/core.a(newlib_syscalls.o)
 .bss.user_exception_handler
                0x000000003fff12a8        0x4 ./build/core.a(debug_dumps.o)
 .bss.client    0x000000003fff12ac        0x4 ./build/program.a(wifi.o)
 .bss.my_id$3600
                0x000000003fff12b0        0xd ./build/program.a(tools.o)
 .bss.my_id_done$3601
                0x000000003fff12bd        0x1 ./build/program.a(tools.o)
 *fill*         0x000000003fff12be        0x2 
 .bss.ipbuf$6164
                0x000000003fff12c0       0x10 ./build/dhcpserver.a(dhcpserver.o)
 .bss.state     0x000000003fff12d0        0x4 ./build/dhcpserver.a(dhcpserver.o)
 .bss.dhcpserver_task_handle
                0x000000003fff12d4        0x4 ./build/dhcpserver.a(dhcpserver.o)
 .bss.sockets   0x000000003fff12d8       0xc0 ./build/lwip.a(sockets.o)
 *(.gnu.linkonce.b.*)
 *(COMMON)
 COMMON         0x000000003fff1398       0x28 ./build/open_esplibs_libmain.a(user_interface.o)
                0x000000003fff1398                sdk_cpu_overclock
                0x000000003fff139c                sdk_rst_if
                0x000000003fff13bc                sdk_promiscuous_cb
 COMMON         0x000000003fff13c0        0x4 ./build/open_esplibs_libmain.a(misc.o)
                0x000000003fff13c0                sdk__putc1
 COMMON         0x000000003fff13c4        0xc ./build/freertos.a(port.o)
                0x000000003fff13c4                level1_int_disabled
                0x000000003fff13c8                cpu_sr
                0x000000003fff13cc                xPortSupervisorStackPointer
 COMMON         0x000000003fff13d0        0xc ./build/lwip.a(sys_arch.o)
                0x000000003fff13d0                lwip_tcpip_thread
                0x000000003fff13d4                lwip_core_lock_count
                0x000000003fff13d8                lwip_core_lock_holder_thread
 COMMON         0x000000003fff13dc        0x4 ./build/lwip.a(esp_interface.o)
                0x000000003fff13dc                pp_rx_pool_usage
 COMMON         0x000000003fff13e0        0x4 ./build/lwip.a(tcpip.o)
                0x000000003fff13e0                lock_tcpip_core
 COMMON         0x000000003fff13e4        0x1 ./build/lwip.a(pbuf.o)
                0x000000003fff13e4                pbuf_free_ooseq_pending
 *fill*         0x000000003fff13e5        0x3 
 COMMON         0x000000003fff13e8       0x18 ./build/lwip.a(tcp.o)
                0x000000003fff13e8                tcp_active_pcbs_changed
                0x000000003fff13ec                tcp_active_pcbs
                0x000000003fff13f0                tcp_ticks
                0x000000003fff13f4                tcp_listen_pcbs
                0x000000003fff13f8                tcp_bound_pcbs
                0x000000003fff13fc                tcp_tw_pcbs
 COMMON         0x000000003fff1400        0x8 ./build/lwip.a(netif.o)
                0x000000003fff1400                netif_list
                0x000000003fff1404                netif_default
 COMMON         0x000000003fff1408        0x4 ./build/lwip.a(udp.o)
                0x000000003fff1408                udp_pcbs
 COMMON         0x000000003fff140c       0x34 ./build/lwip.a(dhcp.o)
                0x000000003fff140c                dhcp_rx_options_given
                0x000000003fff1418                dhcp_rx_options_val
 COMMON         0x000000003fff1440        0x4 ./build/lwip.a(tcp_in.o)
                0x000000003fff1440                tcp_input_pcb
 COMMON         0x000000003fff1444       0x18 ./build/lwip.a(ip.o)
                0x000000003fff1444                ip_data
 COMMON         0x000000003fff145c       0x81 ./build/core.a(esp_interrupts.o)
                0x000000003fff145c                isr
                0x000000003fff14dc                esp_in_isr
 *fill*         0x000000003fff14dd        0x3 
 COMMON         0x000000003fff14e0       0x2d ./build/core.a(app_main.o)
                0x000000003fff14e0                sdk_info
                0x000000003fff1504                sdk_xWatchDogTaskHandle
                0x000000003fff1508                sdk_xUserTaskHandle
                0x000000003fff150c                sdk_user_init_flag
 *fill*         0x000000003fff150d        0x3 
 COMMON         0x000000003fff1510      0x138 ./build/libc.a(lib_a-findfp.o)
                0x000000003fff1510                __sf
 COMMON         0x000000003fff1648       0x90 ./build/lwip.a(sockets.o)
                0x000000003fff1648                socket_ipv4_multicast_memberships
                0x000000003fff16d8                . = ALIGN (0x8)
                0x000000003fff16d8                _bss_end = ABSOLUTE (.)
                0x000000003fff16d8                _heap_start = ABSOLUTE (.)

.irom0.text     0x0000000040202010    0x37c6c
                0x0000000040202010                _irom0_text_start = ABSOLUTE (.)
 *(.literal .text .literal.* .text.* .rodata .rodata.*)
 .text._check_boot_version
                0x0000000040202010       0x3a ./build/open_esplibs_libmain.a(user_interface.o)
                                         0x3e (size before relaxing)
 *fill*         0x000000004020204a        0x2 
 .text.wifi_save_protect
                0x000000004020204c       0x9f ./build/open_esplibs_libmain.a(user_interface.o)
 *fill*         0x00000000402020eb        0x1 
 .text.sdk_system_pp_recycle_rx_pkt
                0x00000000402020ec        0xf ./build/open_esplibs_libmain.a(user_interface.o)
                                         0x17 (size before relaxing)
                0x00000000402020ec                sdk_system_pp_recycle_rx_pkt
 *fill*         0x00000000402020fb        0x1 
 .text.sdk_system_restart
                0x00000000402020fc       0x53 ./build/open_esplibs_libmain.a(user_interface.o)
                                         0x7b (size before relaxing)
                0x0000000040202108                sdk_system_restart
 *fill*         0x000000004020214f        0x1 
 .text.sdk_system_get_boot_version
                0x0000000040202150        0xe ./build/open_esplibs_libmain.a(user_interface.o)
                                         0x12 (size before relaxing)
                0x0000000040202150                sdk_system_get_boot_version
 *fill*         0x000000004020215e        0x2 
 .text.sdk_system_get_test_result
                0x0000000040202160       0x22 ./build/open_esplibs_libmain.a(user_interface.o)
                                         0x2e (size before relaxing)
                0x0000000040202160                sdk_system_get_test_result
 *fill*         0x0000000040202182        0x2 
 .text.sdk_system_upgrade_userbin_check
                0x0000000040202184       0x40 ./build/open_esplibs_libmain.a(user_interface.o)
                                         0x44 (size before relaxing)
                0x0000000040202184                sdk_system_upgrade_userbin_check
 .text.sdk_system_get_userbin_addr
                0x00000000402021c4       0x92 ./build/open_esplibs_libmain.a(user_interface.o)
                                         0x9e (size before relaxing)
                0x00000000402021d0                sdk_system_get_userbin_addr
 *fill*         0x0000000040202256        0x2 
 .text.sdk_system_update_cpu_freq
                0x0000000040202258       0x61 ./build/open_esplibs_libmain.a(user_interface.o)
                                         0x69 (size before relaxing)
                0x000000004020225c                sdk_system_update_cpu_freq
 *fill*         0x00000000402022b9        0x3 
 .text.sdk_system_get_cpu_freq
                0x00000000402022bc       0x1a ./build/open_esplibs_libmain.a(user_interface.o)
                0x00000000402022c0                sdk_system_get_cpu_freq
 *fill*         0x00000000402022d6        0x2 
 .text.sdk_system_overclock
                0x00000000402022d8       0x31 ./build/open_esplibs_libmain.a(user_interface.o)
                                         0x3d (size before relaxing)
                0x00000000402022dc                sdk_system_overclock
 *fill*         0x0000000040202309        0x3 
 .text.sdk_system_restoreclock
                0x000000004020230c       0x33 ./build/open_esplibs_libmain.a(user_interface.o)
                                         0x43 (size before relaxing)
                0x000000004020230c                sdk_system_restoreclock
 *fill*         0x000000004020233f        0x1 
 .text.sdk_system_station_got_ip_set
                0x0000000040202340       0x8d ./build/open_esplibs_libmain.a(user_interface.o)
                                         0xa9 (size before relaxing)
                0x0000000040202348                sdk_system_station_got_ip_set
 *fill*         0x00000000402023cd        0x3 
 .text.sdk_wifi_param_save_protect
                0x00000000402023d0       0xa8 ./build/open_esplibs_libmain.a(user_interface.o)
                                         0xc0 (size before relaxing)
                0x00000000402023dc                sdk_wifi_param_save_protect
 .text.sdk_wifi_set_ip_info
                0x0000000040202478       0x93 ./build/open_esplibs_libmain.a(user_interface.o)
                                         0xaf (size before relaxing)
                0x0000000040202484                sdk_wifi_set_ip_info
 *fill*         0x000000004020250b        0x1 
 .text.sdk_wifi_get_macaddr
                0x000000004020250c       0x63 ./build/open_esplibs_libmain.a(user_interface.o)
                                         0x73 (size before relaxing)
                0x0000000040202510                sdk_wifi_get_macaddr
 *fill*         0x000000004020256f        0x1 
 .text.add_pending_timer
                0x0000000040202570       0x98 ./build/open_esplibs_libmain.a(ets_timer.o)
                                         0x9c (size before relaxing)
 .text.timer_task
                0x0000000040202608       0xb9 ./build/open_esplibs_libmain.a(ets_timer.o)
                                         0xd5 (size before relaxing)
 *fill*         0x00000000402026c1        0x3 
 .text.sdk_ets_timer_arm_ms_us
                0x00000000402026c4       0x69 ./build/open_esplibs_libmain.a(ets_timer.o)
                                         0x7d (size before relaxing)
                0x00000000402026cc                sdk_ets_timer_arm_ms_us
 *fill*         0x000000004020272d        0x3 
 .text.sdk_ets_timer_arm
                0x0000000040202730       0x17 ./build/open_esplibs_libmain.a(ets_timer.o)
                                         0x1b (size before relaxing)
                0x0000000040202730                sdk_ets_timer_arm
 *fill*         0x0000000040202747        0x1 
 .text.sdk_ets_timer_disarm
                0x0000000040202748       0x51 ./build/open_esplibs_libmain.a(ets_timer.o)
                                         0x5d (size before relaxing)
                0x0000000040202748                sdk_ets_timer_disarm
 *fill*         0x0000000040202799        0x3 
 .text.sdk_ets_timer_init
                0x000000004020279c       0xa4 ./build/open_esplibs_libmain.a(ets_timer.o)
                                         0xb8 (size before relaxing)
                0x00000000402027b4                sdk_ets_timer_init
 .text.sdk_os_update_cpu_frequency
                0x0000000040202840        0xb ./build/open_esplibs_libmain.a(misc.o)
                0x0000000040202844                sdk_os_update_cpu_frequency
                0x0000000040202844                sdk_ets_update_cpu_frequency
 *fill*         0x000000004020284b        0x1 
 .text.sdk_os_delay_us
                0x000000004020284c       0x19 ./build/open_esplibs_libmain.a(misc.o)
                                         0x1d (size before relaxing)
                0x000000004020284c                sdk_os_delay_us
                0x000000004020284c                sdk_ets_delay_us
 *fill*         0x0000000040202865        0x3 
 .text.sdk_os_install_putc1
                0x0000000040202868        0xb ./build/open_esplibs_libmain.a(misc.o)
                0x000000004020286c                sdk_os_install_putc1
 *fill*         0x0000000040202873        0x1 
 .text.sdk_gpio_output_set
                0x0000000040202874       0x1d ./build/open_esplibs_libmain.a(misc.o)
                0x0000000040202878                sdk_gpio_output_set
 *fill*         0x0000000040202891        0x3 
 .text.sdk_rtc_get_reset_reason
                0x0000000040202894       0x4a ./build/open_esplibs_libmain.a(misc.o)
                0x000000004020289c                sdk_rtc_get_reset_reason
 *fill*         0x00000000402028de        0x2 
 .text.timer_tramp
                0x00000000402028e0       0x17 ./build/open_esplibs_libmain.a(timers.o)
                                         0x1f (size before relaxing)
 *fill*         0x00000000402028f7        0x1 
 .text.sdk_os_timer_setfn
                0x00000000402028f8       0xac ./build/open_esplibs_libmain.a(timers.o)
                                         0xb8 (size before relaxing)
                0x0000000040202908                sdk_os_timer_setfn
 .text.sdk_os_timer_arm
                0x00000000402029a4       0xa8 ./build/open_esplibs_libmain.a(timers.o)
                                         0xd4 (size before relaxing)
                0x00000000402029ac                sdk_os_timer_arm
 .text.sdk_os_timer_disarm
                0x0000000040202a4c       0x27 ./build/open_esplibs_libmain.a(timers.o)
                                         0x37 (size before relaxing)
                0x0000000040202a50                sdk_os_timer_disarm
 *fill*         0x0000000040202a73        0x1 
 .text.sdk_ieee80211_hostap_attach
                0x0000000040202a74      0x199 ./build/open_esplibs_libnet80211.a(ieee80211_hostap.o)
                                        0x1fd (size before relaxing)
                0x0000000040202a94                sdk_ieee80211_hostap_attach
 *fill*         0x0000000040202c0d        0x3 
 .text.sdk_wifi_softap_start
                0x0000000040202c10      0x168 ./build/open_esplibs_libnet80211.a(ieee80211_hostap.o)
                                        0x1c8 (size before relaxing)
                0x0000000040202c30                sdk_wifi_softap_start
 .text.sdk_wifi_softap_stop
                0x0000000040202d78      0x13d ./build/open_esplibs_libnet80211.a(ieee80211_hostap.o)
                                        0x1b9 (size before relaxing)
                0x0000000040202d7c                sdk_wifi_softap_stop
 *fill*         0x0000000040202eb5        0x3 
 .text.dhcp_if_down
                0x0000000040202eb8       0x23 ./build/open_esplibs_libnet80211.a(wl_cnx.o)
                                         0x3f (size before relaxing)
                0x0000000040202eb8                dhcp_if_down
 *fill*         0x0000000040202edb        0x1 
 .text.sdk_cnx_rc_search
                0x0000000040202edc       0x5e ./build/open_esplibs_libnet80211.a(wl_cnx.o)
                                         0x66 (size before relaxing)
                0x0000000040202edc                sdk_cnx_rc_search
 *fill*         0x0000000040202f3a        0x2 
 .text.sdk_cnx_add_rc
                0x0000000040202f3c       0x7c ./build/open_esplibs_libnet80211.a(wl_cnx.o)
                                         0x80 (size before relaxing)
                0x0000000040202f3c                sdk_cnx_add_rc
 .text.sdk_cnx_remove_rc
                0x0000000040202fb8       0x9b ./build/open_esplibs_libnet80211.a(wl_cnx.o)
                                         0x9f (size before relaxing)
                0x0000000040202fbc                sdk_cnx_remove_rc
 *fill*         0x0000000040203053        0x1 
 .text.sdk_cnx_node_remove
                0x0000000040203054       0x7c ./build/open_esplibs_libnet80211.a(wl_cnx.o)
                                         0x98 (size before relaxing)
                0x0000000040203054                sdk_cnx_node_remove
 .text.sdk_cnx_node_search
                0x00000000402030d0       0x66 ./build/open_esplibs_libnet80211.a(wl_cnx.o)
                                         0x6e (size before relaxing)
                0x00000000402030d0                sdk_cnx_node_search
 *fill*         0x0000000040203136        0x2 
 .text.sdk_sta_status_set
                0x0000000040203138       0x42 ./build/open_esplibs_libnet80211.a(ieee80211_sta.o)
                                         0x46 (size before relaxing)
                0x0000000040203138                sdk_sta_status_set
 *fill*         0x000000004020317a        0x2 
 .text.sdk_wifi_station_start
                0x000000004020317c       0xa7 ./build/open_esplibs_libnet80211.a(ieee80211_sta.o)
                                         0xdf (size before relaxing)
                0x000000004020318c                sdk_wifi_station_start
 *fill*         0x0000000040203223        0x1 
 .text.sdk_wifi_station_stop
                0x0000000040203224       0x4b ./build/open_esplibs_libnet80211.a(ieee80211_sta.o)
                                         0x5b (size before relaxing)
                0x0000000040203224                sdk_wifi_station_stop
 *fill*         0x000000004020326f        0x1 
 .text._ppz20   0x0000000040203270        0x9 ./build/open_esplibs_libpp.a(pp.o)
                0x0000000040203274                _ppz20
 *fill*         0x0000000040203279        0x3 
 .text.sdk_wpa_config_assoc_ie
                0x000000004020327c       0x17 ./build/open_esplibs_libwpa.a(wpa_main.o)
                                         0x1b (size before relaxing)
                0x000000004020327c                sdk_wpa_config_assoc_ie
 *fill*         0x0000000040203293        0x1 
 .text.sdk_dhcp_bind_check
                0x0000000040203294       0x22 ./build/open_esplibs_libwpa.a(wpa_main.o)
                                         0x26 (size before relaxing)
                0x0000000040203294                sdk_dhcp_bind_check
 *fill*         0x00000000402032b6        0x2 
 .text.wpa_callback2
                0x00000000402032b8       0x33 ./build/open_esplibs_libwpa.a(wpa_main.o)
                                         0x47 (size before relaxing)
 *fill*         0x00000000402032eb        0x1 
 .text.wpa_callback1
                0x00000000402032ec       0x1b ./build/open_esplibs_libwpa.a(wpa_main.o)
                                         0x23 (size before relaxing)
 *fill*         0x0000000040203307        0x1 
 .text.sdk_wpa_config_profile
                0x0000000040203308       0x49 ./build/open_esplibs_libwpa.a(wpa_main.o)
                                         0x58 (size before relaxing)
                0x0000000040203308                sdk_wpa_config_profile
 *fill*         0x0000000040203351        0x3 
 .text.sdk_wpa_config_bss
                0x0000000040203354       0x2f ./build/open_esplibs_libwpa.a(wpa_main.o)
                                         0x37 (size before relaxing)
                0x0000000040203354                sdk_wpa_config_bss
 *fill*         0x0000000040203383        0x1 
 .text.sdk_eagle_auth_done
                0x0000000040203384      0x105 ./build/open_esplibs_libwpa.a(wpa_main.o)
                                        0x18c (size before relaxing)
                0x00000000402033a4                sdk_eagle_auth_done
 *fill*         0x0000000040203489        0x3 
 .text.sdk_wpa_neg_complete
                0x000000004020348c        0xf ./build/open_esplibs_libwpa.a(wpa_main.o)
                                         0x17 (size before relaxing)
                0x000000004020348c                sdk_wpa_neg_complete
 *fill*         0x000000004020349b        0x1 
 .text.sdk_wpa_attach
                0x000000004020349c       0x4f ./build/open_esplibs_libwpa.a(wpa_main.o)
                                         0x5f (size before relaxing)
                0x00000000402034b4                sdk_wpa_attach
 *fill*         0x00000000402034eb        0x1 
 .text.prvResetNextTaskUnblockTime$part$0
                0x00000000402034ec       0x20 ./build/freertos.a(tasks.o)
 .text.prvAddCurrentTaskToDelayedList
                0x000000004020350c       0xa4 ./build/freertos.a(tasks.o)
                                         0xc4 (size before relaxing)
 .text.prvIdleTask
                0x00000000402035b0       0x97 ./build/freertos.a(tasks.o)
                                         0xb3 (size before relaxing)
 *fill*         0x0000000040203647        0x1 
 .text.xTaskCreate
                0x0000000040203648      0x23f ./build/freertos.a(tasks.o)
                                        0x2bf (size before relaxing)
                0x0000000040203670                xTaskCreate
 *fill*         0x0000000040203887        0x1 
 .text.vTaskDelete
                0x0000000040203888       0xf1 ./build/freertos.a(tasks.o)
                                        0x145 (size before relaxing)
                0x0000000040203890                vTaskDelete
 *fill*         0x0000000040203979        0x3 
 .text.vTaskStartScheduler
                0x000000004020397c       0xa4 ./build/freertos.a(tasks.o)
                                         0xd7 (size before relaxing)
                0x0000000040203998                vTaskStartScheduler
 *fill*         0x0000000040203a20        0x0 
 .text.vTaskSuspendAll
                0x0000000040203a20       0x11 ./build/freertos.a(tasks.o)
                                         0x15 (size before relaxing)
                0x0000000040203a20                vTaskSuspendAll
 *fill*         0x0000000040203a31        0x3 
 .text.xTaskGetTickCount
                0x0000000040203a34       0x27 ./build/freertos.a(tasks.o)
                                         0x33 (size before relaxing)
                0x0000000040203a34                xTaskGetTickCount
 *fill*         0x0000000040203a5b        0x1 
 .text.xTaskIncrementTick
                0x0000000040203a5c      0x1ac ./build/freertos.a(tasks.o)
                                        0x1e8 (size before relaxing)
                0x0000000040203a6c                xTaskIncrementTick
 .text.xTaskResumeAll
                0x0000000040203c08      0x121 ./build/freertos.a(tasks.o)
                                        0x185 (size before relaxing)
                0x0000000040203c0c                xTaskResumeAll
 *fill*         0x0000000040203d29        0x3 
 .text.vTaskDelay
                0x0000000040203d2c       0x50 ./build/freertos.a(tasks.o)
                                         0x74 (size before relaxing)
                0x0000000040203d2c                vTaskDelay
 .text.vTaskSwitchContext
                0x0000000040203d7c       0xea ./build/freertos.a(tasks.o)
                                        0x10a (size before relaxing)
                0x0000000040203d88                vTaskSwitchContext
 *fill*         0x0000000040203e66        0x2 
 .text.vTaskPlaceOnEventList
                0x0000000040203e68       0x41 ./build/freertos.a(tasks.o)
                                         0x5d (size before relaxing)
                0x0000000040203e6c                vTaskPlaceOnEventList
 *fill*         0x0000000040203ea9        0x3 
 .text.vTaskPlaceOnEventListRestricted
                0x0000000040203eac       0x4a ./build/freertos.a(tasks.o)
                                         0x66 (size before relaxing)
                0x0000000040203eb0                vTaskPlaceOnEventListRestricted
 *fill*         0x0000000040203ef6        0x2 
 .text.xTaskRemoveFromEventList
                0x0000000040203ef8       0x87 ./build/freertos.a(tasks.o)
                                         0xcb (size before relaxing)
                0x0000000040203efc                xTaskRemoveFromEventList
 *fill*         0x0000000040203f7f        0x1 
 .text.vTaskInternalSetTimeOutState
                0x0000000040203f80       0x16 ./build/freertos.a(tasks.o)
                                         0x1e (size before relaxing)
                0x0000000040203f80                vTaskInternalSetTimeOutState
 *fill*         0x0000000040203f96        0x2 
 .text.xTaskCheckForTimeOut
                0x0000000040203f98       0x99 ./build/freertos.a(tasks.o)
                                         0xb9 (size before relaxing)
                0x0000000040203fa0                xTaskCheckForTimeOut
 *fill*         0x0000000040204031        0x3 
 .text.vTaskMissedYield
                0x0000000040204034        0xc ./build/freertos.a(tasks.o)
                                         0x10 (size before relaxing)
                0x0000000040204034                vTaskMissedYield
 .text.uxTaskGetStackHighWaterMark
                0x0000000040204040       0x2c ./build/freertos.a(tasks.o)
                                         0x30 (size before relaxing)
                0x0000000040204040                uxTaskGetStackHighWaterMark
 .text.xTaskGetCurrentTaskHandle
                0x000000004020406c        0xa ./build/freertos.a(tasks.o)
                                          0xe (size before relaxing)
                0x000000004020406c                xTaskGetCurrentTaskHandle
 *fill*         0x0000000040204076        0x2 
 .text.xTaskGetSchedulerState
                0x0000000040204078       0x1e ./build/freertos.a(tasks.o)
                                         0x26 (size before relaxing)
                0x0000000040204078                xTaskGetSchedulerState
 *fill*         0x0000000040204096        0x2 
 .text.xTaskPriorityInherit
                0x0000000040204098       0xa4 ./build/freertos.a(tasks.o)
                                         0xbc (size before relaxing)
                0x0000000040204098                xTaskPriorityInherit
 .text.xTaskPriorityDisinherit
                0x000000004020413c       0x92 ./build/freertos.a(tasks.o)
                                         0xbe (size before relaxing)
                0x0000000040204144                xTaskPriorityDisinherit
 *fill*         0x00000000402041ce        0x2 
 .text.vTaskPriorityDisinheritAfterTimeout
                0x00000000402041d0       0xa3 ./build/freertos.a(tasks.o)
                                         0xcf (size before relaxing)
                0x00000000402041d8                vTaskPriorityDisinheritAfterTimeout
 *fill*         0x0000000040204273        0x1 
 .text.pvTaskIncrementMutexHeldCount
                0x0000000040204274       0x1f ./build/freertos.a(tasks.o)
                                         0x23 (size before relaxing)
                0x0000000040204274                pvTaskIncrementMutexHeldCount
 *fill*         0x0000000040204293        0x1 
 .text.xTaskNotifyWait
                0x0000000040204294       0xdf ./build/freertos.a(tasks.o)
                                         0xff (size before relaxing)
                0x0000000040204294                xTaskNotifyWait
 *fill*         0x0000000040204373        0x1 
 .text.xTaskGenericNotifyFromISR
                0x0000000040204374      0x14f ./build/freertos.a(tasks.o)
                                        0x197 (size before relaxing)
                0x0000000040204388                xTaskGenericNotifyFromISR
 *fill*         0x00000000402044c3        0x1 
 .text.prvCheckForValidListAndQueue
                0x00000000402044c4       0x69 ./build/freertos.a(timers.o)
                                         0x89 (size before relaxing)
 *fill*         0x000000004020452d        0x3 
 .text.prvInsertTimerInActiveList
                0x0000000040204530       0x45 ./build/freertos.a(timers.o)
                                         0x59 (size before relaxing)
 *fill*         0x0000000040204575        0x3 
 .text.xTimerCreateTimerTask
                0x0000000040204578       0x49 ./build/freertos.a(timers.o)
                                         0x61 (size before relaxing)
                0x0000000040204588                xTimerCreateTimerTask
 *fill*         0x00000000402045c1        0x3 
 .text.xTimerCreate
                0x00000000402045c4       0x69 ./build/freertos.a(timers.o)
                                         0x85 (size before relaxing)
                0x00000000402045c4                xTimerCreate
 *fill*         0x000000004020462d        0x3 
 .text.xTimerGenericCommand
                0x0000000040204630       0x7f ./build/freertos.a(timers.o)
                                         0x9f (size before relaxing)
                0x0000000040204630                xTimerGenericCommand
 *fill*         0x00000000402046af        0x1 
 .text.prvSwitchTimerLists
                0x00000000402046b0       0x84 ./build/freertos.a(timers.o)
                                         0xaa (size before relaxing)
 *fill*         0x0000000040204734        0x0 
 .text.prvTimerTask
                0x0000000040204734      0x1e8 ./build/freertos.a(timers.o)
                                        0x280 (size before relaxing)
 .text.pvTimerGetTimerID
                0x000000004020491c       0x2d ./build/freertos.a(timers.o)
                                         0x41 (size before relaxing)
                0x000000004020491c                pvTimerGetTimerID
 *fill*         0x0000000040204949        0x3 
 .text.vAssertCalled
                0x000000004020494c       0x22 ./build/freertos.a(port.o)
                                         0x26 (size before relaxing)
                0x0000000040204954                vAssertCalled
 *fill*         0x000000004020496e        0x2 
 .text.pxPortInitialiseStack
                0x0000000040204970       0x37 ./build/freertos.a(port.o)
                0x0000000040204974                pxPortInitialiseStack
 *fill*         0x00000000402049a7        0x1 
 .text.xPortSysTickHandle
                0x00000000402049a8       0x14 ./build/freertos.a(port.o)
                                         0x23 (size before relaxing)
                0x00000000402049a8                xPortSysTickHandle
 *fill*         0x00000000402049bc        0x0 
 .text.xPortStartScheduler
                0x00000000402049bc       0x7e ./build/freertos.a(port.o)
                                         0x8e (size before relaxing)
                0x00000000402049d0                xPortStartScheduler
 *fill*         0x0000000040204a3a        0x2 
 .text.xPortGetFreeHeapSize
                0x0000000040204a3c       0x28 ./build/freertos.a(port.o)
                                         0x38 (size before relaxing)
                0x0000000040204a3c                xPortGetFreeHeapSize
 .text.xTaskGenericCreate
                0x0000000040204a64       0x15 ./build/freertos.a(port.o)
                                         0x19 (size before relaxing)
                0x0000000040204a64                xTaskGenericCreate
 *fill*         0x0000000040204a79        0x3 
 .text.xQueueGenericReceive
                0x0000000040204a7c       0x1e ./build/freertos.a(port.o)
                                         0x2d (size before relaxing)
                0x0000000040204a80                xQueueGenericReceive
 *fill*         0x0000000040204a9a        0x2 
 .text.prvCopyDataToQueue
                0x0000000040204a9c       0xa7 ./build/freertos.a(queue.o)
                                         0xb3 (size before relaxing)
 *fill*         0x0000000040204b43        0x1 
 .text.prvCopyDataFromQueue
                0x0000000040204b44       0x2b ./build/freertos.a(queue.o)
                                         0x2f (size before relaxing)
 *fill*         0x0000000040204b6f        0x1 
 .text.prvUnlockQueue
                0x0000000040204b70       0xc4 ./build/freertos.a(queue.o)
                                         0xec (size before relaxing)
 .text.xQueueGenericReset
                0x0000000040204c34       0x8d ./build/freertos.a(queue.o)
                                         0xb5 (size before relaxing)
                0x0000000040204c38                xQueueGenericReset
 *fill*         0x0000000040204cc1        0x3 
 .text.xQueueGenericCreate
                0x0000000040204cc4       0x6c ./build/freertos.a(queue.o)
                                         0x80 (size before relaxing)
                0x0000000040204cc4                xQueueGenericCreate
 .text.xQueueGenericSend
                0x0000000040204d30      0x183 ./build/freertos.a(queue.o)
                                        0x21f (size before relaxing)
                0x0000000040204d30                xQueueGenericSend
 *fill*         0x0000000040204eb3        0x1 
 .text.xQueueCreateMutex
                0x0000000040204eb4       0x31 ./build/freertos.a(queue.o)
                                         0x3d (size before relaxing)
                0x0000000040204eb4                xQueueCreateMutex
 *fill*         0x0000000040204ee5        0x3 
 .text.xQueueGiveMutexRecursive
                0x0000000040204ee8       0x4b ./build/freertos.a(queue.o)
                                         0x5f (size before relaxing)
                0x0000000040204ee8                xQueueGiveMutexRecursive
 *fill*         0x0000000040204f33        0x1 
 .text.xQueueGenericSendFromISR
                0x0000000040204f34       0xc3 ./build/freertos.a(queue.o)
                                         0xf3 (size before relaxing)
                0x0000000040204f34                xQueueGenericSendFromISR
 *fill*         0x0000000040204ff7        0x1 
 .text.xQueueReceive
                0x0000000040204ff8      0x179 ./build/freertos.a(queue.o)
                                        0x215 (size before relaxing)
                0x0000000040204ff8                xQueueReceive
 *fill*         0x0000000040205171        0x3 
 .text.xQueueSemaphoreTake
                0x0000000040205174      0x1d4 ./build/freertos.a(queue.o)
                                        0x28c (size before relaxing)
                0x0000000040205174                xQueueSemaphoreTake
 .text.xQueueTakeMutexRecursive
                0x0000000040205348       0x53 ./build/freertos.a(queue.o)
                                         0x63 (size before relaxing)
                0x0000000040205348                xQueueTakeMutexRecursive
 *fill*         0x000000004020539b        0x1 
 .text.uxQueueMessagesWaiting
                0x000000004020539c       0x30 ./build/freertos.a(queue.o)
                                         0x44 (size before relaxing)
                0x000000004020539c                uxQueueMessagesWaiting
 .text.uxQueueMessagesWaitingFromISR
                0x00000000402053cc       0x26 ./build/freertos.a(queue.o)
                                         0x2e (size before relaxing)
                0x00000000402053cc                uxQueueMessagesWaitingFromISR
 *fill*         0x00000000402053f2        0x2 
 .text.vQueueDelete
                0x00000000402053f4       0x29 ./build/freertos.a(queue.o)
                                         0x35 (size before relaxing)
                0x00000000402053f4                vQueueDelete
 *fill*         0x000000004020541d        0x3 
 .text.vQueueWaitForMessageRestricted
                0x0000000040205420       0x6f ./build/freertos.a(queue.o)
                                         0x7f (size before relaxing)
                0x0000000040205420                vQueueWaitForMessageRestricted
 *fill*         0x000000004020548f        0x1 
 .text.sys_sem_new
                0x0000000040205490       0x41 ./build/lwip.a(sys_arch.o)
                                         0x4d (size before relaxing)
                0x0000000040205490                sys_sem_new
 *fill*         0x00000000402054d1        0x3 
 .text.sys_sem_free
                0x00000000402054d4       0x1e ./build/lwip.a(sys_arch.o)
                                         0x22 (size before relaxing)
                0x00000000402054d4                sys_sem_free
 *fill*         0x00000000402054f2        0x2 
 .text.sys_sem_signal
                0x00000000402054f4       0x17 ./build/lwip.a(sys_arch.o)
                                         0x1f (size before relaxing)
                0x00000000402054f4                sys_sem_signal
 *fill*         0x000000004020550b        0x1 
 .text.sys_arch_sem_wait
                0x000000004020550c       0x4c ./build/lwip.a(sys_arch.o)
                                         0x58 (size before relaxing)
                0x000000004020550c                sys_arch_sem_wait
 .text.sys_mutex_new
                0x0000000040205558       0x2b ./build/lwip.a(sys_arch.o)
                                         0x2f (size before relaxing)
                0x0000000040205558                sys_mutex_new
 *fill*         0x0000000040205583        0x1 
 .text.sys_mbox_new
                0x0000000040205584       0x2f ./build/lwip.a(sys_arch.o)
                                         0x33 (size before relaxing)
                0x0000000040205584                sys_mbox_new
 *fill*         0x00000000402055b3        0x1 
 .text.sys_mbox_free
                0x00000000402055b4       0x31 ./build/lwip.a(sys_arch.o)
                                         0x41 (size before relaxing)
                0x00000000402055b8                sys_mbox_free
 *fill*         0x00000000402055e5        0x3 
 .text.sys_mbox_trypost
                0x00000000402055e8       0x2b ./build/lwip.a(sys_arch.o)
                                         0x2f (size before relaxing)
                0x00000000402055e8                sys_mbox_trypost
 *fill*         0x0000000040205613        0x1 
 .text.sys_arch_mbox_fetch
                0x0000000040205614       0x4c ./build/lwip.a(sys_arch.o)
                                         0x60 (size before relaxing)
                0x0000000040205614                sys_arch_mbox_fetch
 .text.sys_arch_mbox_tryfetch
                0x0000000040205660       0x2f ./build/lwip.a(sys_arch.o)
                                         0x33 (size before relaxing)
                0x0000000040205660                sys_arch_mbox_tryfetch
 *fill*         0x000000004020568f        0x1 
 .text.sys_now  0x0000000040205690       0x15 ./build/lwip.a(sys_arch.o)
                                         0x1d (size before relaxing)
                0x0000000040205690                sys_now
 *fill*         0x00000000402056a5        0x3 
 .text.sys_thread_new
                0x00000000402056a8       0x2a ./build/lwip.a(sys_arch.o)
                                         0x2e (size before relaxing)
                0x00000000402056a8                sys_thread_new
 *fill*         0x00000000402056d2        0x2 
 .text.sys_arch_protect
                0x00000000402056d4       0x20 ./build/lwip.a(sys_arch.o)
                                         0x24 (size before relaxing)
                0x00000000402056d8                sys_arch_protect
 .text.sys_arch_unprotect
                0x00000000402056f4       0x2d ./build/lwip.a(sys_arch.o)
                                         0x39 (size before relaxing)
                0x00000000402056f8                sys_arch_unprotect
 *fill*         0x0000000040205721        0x3 
 .text.sys_lock_tcpip_core
                0x0000000040205724       0x43 ./build/lwip.a(sys_arch.o)
                                         0x4f (size before relaxing)
                0x0000000040205730                sys_lock_tcpip_core
 *fill*         0x0000000040205767        0x1 
 .text.sys_unlock_tcpip_core
                0x0000000040205768       0x2b ./build/lwip.a(sys_arch.o)
                                         0x3f (size before relaxing)
                0x0000000040205768                sys_unlock_tcpip_core
 *fill*         0x0000000040205793        0x1 
 .text.sys_mark_tcpip_thread
                0x0000000040205794       0x18 ./build/lwip.a(sys_arch.o)
                                         0x20 (size before relaxing)
                0x0000000040205798                sys_mark_tcpip_thread
 .text.sys_check_core_locking
                0x00000000402057ac       0x31 ./build/lwip.a(sys_arch.o)
                                         0x4c (size before relaxing)
                0x00000000402057b0                sys_check_core_locking
 *fill*         0x00000000402057dd        0x3 
 .text.low_level_output
                0x00000000402057e0       0x5e ./build/lwip.a(esp_interface.o)
                                         0x7a (size before relaxing)
 *fill*         0x000000004020583e        0x2 
 .text.pp_recycle_rx_pbuf
                0x0000000040205840       0x38 ./build/lwip.a(esp_interface.o)
                                         0x44 (size before relaxing)
                0x0000000040205844                pp_recycle_rx_pbuf
 .text.ooseq_bytes_limit
                0x0000000040205878        0x9 ./build/lwip.a(esp_interface.o)
                0x000000004020587c                ooseq_bytes_limit
 *fill*         0x0000000040205881        0x3 
 .text.ooseq_pbufs_limit
                0x0000000040205884       0x41 ./build/lwip.a(esp_interface.o)
                                         0x49 (size before relaxing)
                0x0000000040205884                ooseq_pbufs_limit
 *fill*         0x00000000402058c5        0x3 
 .text.ethernetif_input
                0x00000000402058c8       0x87 ./build/lwip.a(esp_interface.o)
                                         0x9e (size before relaxing)
                0x00000000402058d4                ethernetif_input
 *fill*         0x000000004020594f        0x1 
 .text.sdk_pbuf_alloc
                0x0000000040205950       0x33 ./build/lwip.a(esp_interface.o)
                                         0x3b (size before relaxing)
                0x0000000040205950                sdk_pbuf_alloc
 *fill*         0x0000000040205983        0x1 
 .text.ethernetif_init
                0x0000000040205984       0x34 ./build/lwip.a(esp_interface.o)
                0x000000004020598c                ethernetif_init
 .text.tcpip_thread
                0x00000000402059b8       0xb7 ./build/lwip.a(tcpip.o)
                                        0x10b (size before relaxing)
 *fill*         0x0000000040205a6f        0x1 
 .text.tcpip_inpkt
                0x0000000040205a70       0x5b ./build/lwip.a(tcpip.o)
                                         0x77 (size before relaxing)
                0x0000000040205a70                tcpip_inpkt
 *fill*         0x0000000040205acb        0x1 
 .text.tcpip_input
                0x0000000040205acc       0x34 ./build/lwip.a(tcpip.o)
                                         0x43 (size before relaxing)
                0x0000000040205ad4                tcpip_input
 *fill*         0x0000000040205b00        0x0 
 .text.tcpip_try_callback
                0x0000000040205b00       0x51 ./build/lwip.a(tcpip.o)
                                         0x6d (size before relaxing)
                0x0000000040205b00                tcpip_try_callback
 *fill*         0x0000000040205b51        0x3 
 .text.tcpip_send_msg_wait_sem
                0x0000000040205b54       0x25 ./build/lwip.a(tcpip.o)
                                         0x35 (size before relaxing)
                0x0000000040205b54                tcpip_send_msg_wait_sem
 *fill*         0x0000000040205b79        0x3 
 .text.tcpip_init
                0x0000000040205b7c       0x4c ./build/lwip.a(tcpip.o)
                                         0x78 (size before relaxing)
                0x0000000040205b84                tcpip_init
 .text.mem_malloc
                0x0000000040205bc8       0x25 ./build/lwip.a(mem.o)
                                         0x35 (size before relaxing)
                0x0000000040205bc8                mem_malloc